// Jest Snapshot v1, https://goo.gl/fbAQLP

exports[`[UNIT] issue/eslint/EsLintIssueFactory creates Issues from EsLint Reports: [[Object], [Object]] 1`] = `
Array [
  Object {
    "character": 0,
    "code": "no-unused-vars",
    "file": "src/additional.ts",
    "line": 13,
    "message": "'y' is assigned a value but never used.",
    "origin": "eslint",
    "severity": "error",
  },
  Object {
    "character": 10,
    "code": "[unknown]",
    "file": "src/another.ts",
    "line": 15,
    "message": "'y' is assigned a value but never used.",
    "origin": "eslint",
    "severity": "warning",
  },
  Object {
    "character": 0,
    "code": "no-unused-vars",
    "file": "src/index.ts",
    "line": 13,
    "message": "'y' is assigned a value but never used.",
    "origin": "eslint",
    "severity": "error",
  },
]
`;
