// Jest Snapshot v1, https://goo.gl/fbAQLP

exports[`eslint-reporter/issue/EsLintIssueFactory creates Issues from EsLint Results: [[Object], [Object], [Object]] 1`] = `
Array [
  Object {
    "code": "no-unused-vars",
    "file": "src/index.ts",
    "location": Object {
      "end": Object {
        "column": 5,
        "line": 13,
      },
      "start": Object {
        "column": 0,
        "line": 13,
      },
    },
    "message": "'y' is assigned a value but never used.",
    "origin": "eslint",
    "severity": "error",
  },
  Object {
    "code": "no-unused-vars",
    "file": "src/another.ts",
    "location": Object {
      "end": Object {
        "column": 10,
        "line": 15,
      },
      "start": Object {
        "column": 10,
        "line": 15,
      },
    },
    "message": "'y' is assigned a value but never used.",
    "origin": "eslint",
    "severity": "warning",
  },
  Object {
    "code": "no-unused-vars",
    "file": "src/additional.ts",
    "location": Object {
      "end": Object {
        "column": 5,
        "line": 13,
      },
      "start": Object {
        "column": 0,
        "line": 13,
      },
    },
    "message": "'y' is assigned a value but never used.",
    "origin": "eslint",
    "severity": "error",
  },
]
`;
