// Jest Snapshot v1, https://goo.gl/fbAQLP

exports[`[UNIT] issue/internal/InternalIssueFactory creates Issue from Internal Error: {"message": "Stack overflow - out of memory", "stack": "Security context: 0x35903c44a49 <JS Object>
1: walkFunctionDeclaration [<PROJECT_DIR>/node_modules/webpack/lib/Parser.js:~443] [pc=0xa07a14ec8ee] (this=0x59f67991119 <a Parser with map 0x71f2d115d49>,statement=0x3507a80af661 <a Node with map 0x71f2d1157c9>)
2: walkStatement [<PROJECT_DIR>/node_modules/webpack/lib/Parser.js:~348] [pc=0xa07a06dfc10] (this=0x59f6799111...

FATAL ERROR: CALL_AND_RETRY_LAST Allocation failed - process out of memory
Abort trap: 6"} 1`] = `
Object {
  "code": "INTERNAL",
  "message": "Stack overflow - out of memory",
  "origin": "internal",
  "severity": "error",
  "stack": "Security context: 0x35903c44a49 <JS Object>
1: walkFunctionDeclaration [<PROJECT_DIR>/node_modules/webpack/lib/Parser.js:~443] [pc=0xa07a14ec8ee] (this=0x59f67991119 <a Parser with map 0x71f2d115d49>,statement=0x3507a80af661 <a Node with map 0x71f2d1157c9>)
2: walkStatement [<PROJECT_DIR>/node_modules/webpack/lib/Parser.js:~348] [pc=0xa07a06dfc10] (this=0x59f6799111...

FATAL ERROR: CALL_AND_RETRY_LAST Allocation failed - process out of memory
Abort trap: 6",
}
`;

exports[`[UNIT] issue/internal/InternalIssueFactory creates Issue from Internal Error: {"toString": [Function toString]} 1`] = `
Object {
  "code": "INTERNAL",
  "message": "Error: Stack overflow - out of memory",
  "origin": "internal",
  "severity": "error",
  "stack": undefined,
}
`;
